src/app/pdf-to-word/PdfToWordTool.tsx(172,10): error TS17008: JSX element 'div' has no corresponding closing tag.
src/app/pdf-to-word/PdfToWordTool.tsx(340,1): error TS1381: Unexpected token. Did you mean `{'}'}` or `&rbrace;`?
src/app/pdf-to-word/PdfToWordTool.tsx(341,1): error TS1005: '</' expected.
